[    00000 Initialzi crop subsys cpse
   0.000000]Intiliing grp bsys cpu
[   .0000]niiaizing cgou sbss cpac
   0.0000]Liux vrsn 4.4.-137-gnec build@gw1-md4-037) (ccveion 5..020609 (Ubunt 5.06uunu16.4.10) 63-Uunu SMP Mon Sep 24 13:14:43 UTC 2018 (Ubuntu 4.4.0-137.163-generic 4.4.144)
[    0.000000] Command line: BOOT_IMAGE=/boot/vmlinuz-4.4.0-137-generic root=LABEL=cloudimg-rootfs ro console=tty1 console=ttyS0
[    0.000000] KERNEL supported cpus:
[    0.000000]   Intel GenuineIntel
[    0.000000]   AMD AuthenticAMD
[    0.000000]   Centaur CentaurHauls
[    0.000000] x86/fpu: xstate_offset[2]:  576, xstate_sizes[2]:  256
[    0.000000] x86/fpu: Supporting XSAVE feature 0x01: 'x87 floating point registers'
[    0.000000] x86/fpu: Supporting XSAVE feature 0x02: 'SSE registers'
[    0.000000] x86/fpu: Supporting XSAVE feature 0x04: 'AVX registers'
[    0.000000] x86/fpu: Enabled xstate features 0x7, context size is 832 bytes, using 'standard' format.
[    0.000000] e820: BIOS-provided physical RAM map:
[    0.000000] BIOS-e820: [mem 0x0000000000000000-0x000000000009fbff] usable
[    0.000000] BIOS-e820: [mem 0x000000000009fc00-0x000000000009ffff] reserved
[    0.000000] BIOS-e820: [mem 0x00000000000f0000-0x00000000000fffff] reserved
[    0.000000] BIOS-e820: [mem 0x0000000000100000-0x000000003ffeffff] usable
[    0.000000] BIOS-e820: [mem 0x000000003fff0000-0x000000003fffffff] ACPI data
[    0.000000] BIOS-e820: [mem 0x00000000fec00000-0x00000000fec00fff] reserved
[    0.000000] BIOS-e820: [mem 0x00000000fee00000-0x00000000fee00fff] reserved
[    0.000000] BIOS-e820: [mem 0x00000000fffc0000-0x00000000ffffffff] reserved
[    0.000000] NX (Execute Disable) protection: active
[    0.000000] SMBIOS 2.5 present.
[    0.000000] Hypervisor detected: KVM
[    0.000000] e820: last_pfn = 0x3fff0 max_arch_pfn = 0x400000000
[    0.000000] MTRR: Disabled
[    0.000000] x86/PAT: MTRRs disabled, skipping PAT initialization too.
[    0.000000] CPU MTRRs all blank - virtualized system.
[    0.000000] x86/PAT: Configuration [0-7]: WB  WT  UC- UC  WB  WT  UC- UC  
[    0.000000] found SMP MP-table at [mem 0x0009fff0-0x0009ffff] mapped at [ffff88000009fff0]
[    0.000000] Scanning 1 areas for low memory corruption
[    0.000000] RAMDISK: [mem 0x3630a000-0x3717cfff]
[    0.000000] ACPI: Early table checksum verification disabled
[    0.000000] ACPI: RSDP 0x00000000000E0000 000024 (v02 VBOX  )
[    0.000000] ACPI: XSDT 0x000000003FFF0030 00003C (v01 VBOX   VBOXXSDT 00000001 ASL  00000061)
[    0.000000] ACPI: FACP 0x000000003FFF00F0 0000F4 (v04 VBOX   VBOXFACP 00000001 ASL  00000061)
[    0.000000] ACPI: DSDT 0x000000003FFF0470 0021FF (v02 VBOX   VBOXBIOS 00000002 INTL 20160108)
[    0.000000] ACPI: FACS 0x000000003FFF0200 000040
[    0.000000] ACPI: FACS 0x000000003FFF0200 000040
[    0.000000] ACPI: APIC 0x000000003FFF0240 00005C (v02 VBOX   VBOXAPIC 00000001 ASL  00000061)
[    0.000000] ACPI: SSDT 0x000000003FFF02A0 0001CC (v01 VBOX   VBOXCPUT 00000002 INTL 20160108)
[    0.000000] No NUMA configuration found
[    0.000000] Faking a node at [mem 0x0000000000000000-0x000000003ffeffff]
[    0.000000] NODE_DATA(0) allocated [mem 0x3ffeb000-0x3ffeffff]
[    0.000000] kvm-clock: Using msrs 4b564d01 and 4b564d00
[    0.000000] kvm-clock: cpu 0, msr 0:3ffe3001, primary cpu clock
[    0.000000] kvm-clock: using sched offset of 3353584427 cycles
[    0.000000] clocksource: kvm-clock: mask: 0xffffffffffffffff max_cycles: 0x1cd42e4dffb, max_idle_ns: 881590591483 ns
[    0.000000] Zone ranges:
[    0.000000]   DMA      [mem 0x0000000000001000-0x0000000000ffffff]
[    0.000000]   DMA32    [mem 0x0000000001000000-0x000000003ffeffff]
[    0.000000]   Normal   empty
[    0.000000]   Device   empty
[    0.000000] Movable zone start for each node
[    0.000000] Early memory node ranges
[    0.000000]   node   0: [mem 0x0000000000001000-0x000000000009efff]
[    0.000000]   node   0: [mem 0x0000000000100000-0x000000003ffeffff]
[    0.000000] Initmem setup node 0 [mem 0x0000000000001000-0x000000003ffeffff]
[    0.000000] ACPI: PM-Timer IO Port: 0x4008
[    0.000000] IOAPIC[0]: apic_id 2, version 32, address 0xfec00000, GSI 0-23
[    0.000000] ACPI: INT_SRC_OVR (bus 0 bus_irq 0 global_irq 2 dfl dfl)
[    0.000000] ACPI: INT_SRC_OVR (bus 0 bus_irq 9 global_irq 9 low level)
[    0.000000] Using ACPI (MADT) for SMP configuration information
[    0.000000] smpboot: Allowing 2 CPUs, 0 hotplug CPUs
[    0.000000] PM: Registered nosave memory: [mem 0x00000000-0x00000fff]
[    0.000000] PM: Registered nosave memory: [mem 0x0009f000-0x0009ffff]
[    0.000000] PM: Registered nosave memory: [mem 0x000a0000-0x000effff]
[    0.000000] PM: Registered nosave memory: [mem 0x000f0000-0x000fffff]
[    0.000000] e820: [mem 0x40000000-0xfebfffff] available for PCI devices
[    0.000000] Booting paravirtualized kernel on KVM
[    0.000000] clocksource: refined-jiffies: mask: 0xffffffff max_cycles: 0xffffffff, max_idle_ns: 7645519600211568 ns
[    0.000000] setup_percpu: NR_CPUS:512 nr_cpumask_bits:512 nr_cpu_ids:2 nr_node_ids:1
[    0.000000] PERCPU: Embedded 34 pages/cpu @ffff88003fc00000 s99608 r8192 d31464 u1048576
[    0.000000] PV qspinlock hash table entries: 256 (order: 0, 4096 bytes)
[    0.000000] Built 1 zonelists in Node order, mobility grouping on.  Total pages: 257912
[    0.000000] Policy zone: DMA32
[    0.000000] Kernel command line: BOOT_IMAGE=/boot/vmlinuz-4.4.0-137-generic root=LABEL=cloudimg-rootfs ro console=tty1 console=ttyS0
[    0.000000] PID hash table entries: 4096 (order: 3, 32768 bytes)
[    0.000000] Memory: 997708K/1048120K available (8555K kernel code, 1314K rwdata, 4004K rodata, 1528K init, 1316K bss, 50412K reserved, 0K cma-reserved)
[    0.000000] SLUB: HWalign=64, Order=0-3, MinObjects=0, CPUs=2, Nodes=1
[    0.000000] Kernel/User page tables isolation: enabled
[    0.000000] Hierarchical RCU implementation.
[    0.000000] 	Build-time adjustment of leaf fanout to 64.
[    0.000000] 	RCU restricting CPUs from NR_CPUS=512 to nr_cpu_ids=2.
[    0.000000] RCU: Adjusting geometry for rcu_fanout_leaf=64, nr_cpu_ids=2
[    0.000000] NR_IRQS:33024 nr_irqs:440 16
[    0.000000] Console: colour VGA+ 80x25
[    0.000000] console [tty1] enabled
[    0.000000] console [ttyS0] enabled
[    0.000000] tsc: Detected 2494.232 MHz processor
[    1.121495] Calibrating delay loop (skipped) preset value.. 4988.46 BogoMIPS (lpj=9976928)
[    1.122799] pid_max: default: 32768 minimum: 301
[    1.123475] ACPI: Core revision 20150930
[    1.124891] ACPI: 2 ACPI AML tables successfully acquired and loaded
[    1.125882] Security Framework initialized
[    1.126503] Yama: becoming mindful.
[    1.127073] AppArmor: AppArmor initialized
[    1.127755] Dentry cache hash table entries: 131072 (order: 8, 1048576 bytes)
[    1.129312] Inode-cache hash table entries: 65536 (order: 7, 524288 bytes)
[    1.130307] Mount-cache hash table entries: 2048 (order: 2, 16384 bytes)
[    1.131194] Mountpoint-cache hash table entries: 2048 (order: 2, 16384 bytes)
[    1.132249] Initializing cgroup subsys io
[    1.132896] Initializing cgroup subsys memory
[    1.133573] Initializing cgroup subsys devices
[    1.134227] Initializing cgroup subsys freezer
[    1.134881] Initializing cgroup subsys net_cls
[    1.135536] Initializing cgroup subsys perf_event
[    1.136219] Initializing cgroup subsys net_prio
[    1.136913] Initializing cgroup subsys hugetlb
[    1.137593] Initializing cgroup subsys pids
[    1.139038] mce: CPU supports 0 MCE banks
[    1.139668] Last level iTLB entries: 4KB 1024, 2MB 1024, 4MB 1024
[    1.140552] Last level dTLB entries: 4KB 1024, 2MB 1024, 4MB 1024, 1GB 4
[    1.141542] Spectre V2 : Mitigation: Full generic retpoline
[    1.142314] Spectre V2 : Spectre v2 mitigation: Speculation control IBPB not-supported IBRS not-supported
[    1.143500] Spectre V2 : Spectre v2 / SpectreRSB mitigation: Filling RSB on context switch
[    1.145010] Speculative Store Bypass: Vulnerable
[    1.147674] Freeing SMP alternatives memory: 32K
[    1.154767] ftrace: allocating 32265 entries in 127 pages
[    1.223545] smpboot: APIC(0) Converting physical 0 to logical package 0
[    1.243721] smpboot: Max logical packages: 1
[    1.244627] x2apic enabled
[    1.245364] Switched APIC routing to physical x2apic.
[    1.247036] ..TIMER: vector=0x30 apic1=0 pin1=2 apic2=-1 pin2=-1
[    1.352488] smpboot: CPU0: Intel(R) Core(TM) i7-4710MQ CPU @ 2.50GHz (family: 0x6, model: 0x3c, stepping: 0x3)
[    1.362122] Performance Events: unsupported p6 CPU model 60 no PMU driver, software events only.
[    1.363549] KVM setup paravirtual spinlock
[    1.364820] x86: Booting SMP configuration:
[    1.365490] .... node  #0, CPUs:      #1
[    1.366199] kvm-clock: cpu 1, msr 0:3ffe3041, secondary cpu clock
[    1.367608] mce: CPU supports 0 MCE banks
[    1.369994] x86: Booted up 1 node, 2 CPUs
[    1.370821] smpboot: Total of 2 processors activated (9976.92 BogoMIPS)
[    1.372036] devtmpfs: initialized
[    1.373850] evm: security.selinux
[    1.374436] evm: security.SMACK64
[    1.375021] evm: security.SMACK64EXEC
[    1.375617] evm: security.SMACK64TRANSMUTE
[    1.376239] evm: security.SMACK64MMAP
[    1.376849] evm: security.ima
[    1.377381] evm: security.capability
[    1.378157] clocksource: jiffies: mask: 0xffffffff max_cycles: 0xffffffff, max_idle_ns: 7645041785100000 ns
[    1.379535] futex hash table entries: 512 (order: 3, 32768 bytes)
[    1.380501] pinctrl core: initialized pinctrl subsystem
[    1.381367] RTC time: 18:08:33, date: 10/24/18
[    1.382209] NET: Registered protocol family 16
[    1.392677] cpuidle: using governor ladder
[    1.404243] cpuidle: using governor menu
[    1.405247] PCCT header not found.
[    1.406232] ACPI: bus type PCI registered
[    1.407266] acpiphp: ACPI Hot Plug PCI Controller Driver version: 0.5
[    1.408811] PCI: Using configuration type 1 for base access
[    1.421614] ACPI: Added _OSI(Module Device)
[    1.422792] ACPI: Added _OSI(Processor Device)
[    1.423915] ACPI: Added _OSI(3.0 _SCP Extensions)
[    1.425095] ACPI: Added _OSI(Processor Aggregator Device)
[    1.427351] ACPI: Executed 1 blocks of module-level executable AML code
[    1.431819] ACPI: Interpreter enabled
[    1.432830] ACPI: (supports S0 S5)
[    1.433676] ACPI: Using IOAPIC for interrupt routing
[    1.434696] PCI: Using host bridge windows from ACPI; if necessary, use "pci=nocrs" and report a bug
[    1.438844] ACPI: PCI Root Bridge [PCI0] (domain 0000 [bus 00-ff])
[    1.439696] acpi PNP0A03:00: _OSC: OS supports [ASPM ClockPM Segments MSI]
[    1.440622] acpi PNP0A03:00: _OSC: not requesting OS control; OS requires [ExtendedConfig ASPM ClockPM MSI]
[    1.442061] acpi PNP0A03:00: fail to add MMCONFIG information, can't access extended PCI configuration space under this bridge.
[    1.443934] PCI host bridge to bus 0000:00
[    1.444560] pci_bus 0000:00: root bus resource [io  0x0000-0x0cf7 window]
[    1.445515] pci_bus 0000:00: root bus resource [io  0x0d00-0xffff window]
[    1.446439] pci_bus 0000:00: root bus resource [mem 0x000a0000-0x000bffff window]
[    1.447567] pci_bus 0000:00: root bus resource [mem 0x40000000-0xfdffffff window]
[    1.448696] pci_bus 0000:00: root bus resource [bus 00-ff]
[    1.450795] pci 0000:00:01.1: legacy IDE quirk: reg 0x10: [io  0x01f0-0x01f7]
[    1.451731] pci 0000:00:01.1: legacy IDE quirk: reg 0x14: [io  0x03f6]
[    1.452621] pci 0000:00:01.1: legacy IDE quirk: reg 0x18: [io  0x0170-0x0177]
[    1.453620] pci 0000:00:01.1: legacy IDE quirk: reg 0x1c: [io  0x0376]
[    1.477269] pci 0000:00:07.0: quirk: [io  0x4000-0x403f] claimed by PIIX4 ACPI
[    1.511517] pci 0000:00:07.0: quirk: [io  0x4100-0x410f] claimed by PIIX4 SMB
[    1.521228] ACPI: PCI Interrupt Link [LNKA] (IRQs 5 9 10 *11)
[    1.522656] ACPI: PCI Interrupt Link [LNKB] (IRQs 5 9 *10 11)
[    1.523891] ACPI: PCI Interrupt Link [LNKC] (IRQs 5 *9 10 11)
[    1.525091] ACPI: PCI Interrupt Link [LNKD] (IRQs 5 9 10 *11)
[    1.526398] ACPI: Enabled 2 GPEs in block 00 to 07
[    1.527532] vgaarb: setting as boot device: PCI:0000:00:02.0
[    1.528406] vgaarb: device added: PCI:0000:00:02.0,decodes=io+mem,owns=io+mem,locks=none
[    1.529730] vgaarb: loaded
[    1.530260] vgaarb: bridge control possible 0000:00:02.0
[    1.531291] SCSI subsystem initialized
[    1.532072] ACPI: bus type USB registered
[    1.532789] usbcore: registered new interface driver usbfs
[    1.533648] usbcore: registered new interface driver hub
[    1.534490] usbcore: registered new device driver usb
[    1.535987] PCI: Using ACPI for IRQ routing
[    1.536896] NetLabel: Initializing
[    1.537454] NetLabel:  domain hash size = 128
[    1.538131] NetLabel:  protocols = UNLABELED CIPSOv4
[    1.538850] NetLabel:  unlabeled traffic allowed by default
[    1.577377] amd_nb: Cannot enumerate AMD northbridges
[    1.599889] clocksource: Switched to clocksource kvm-clock
[    1.606281] AppArmor: AppArmor Filesystem Enabled
[    1.607055] pnp: PnP ACPI init
[    1.608205] pnp: PnP ACPI: found 3 devices
[    1.617132] clocksource: acpi_pm: mask: 0xffffff max_cycles: 0xffffff, max_idle_ns: 2085701024 ns
[    1.618478] NET: Registered protocol family 2
[    1.619288] TCP established hash table entries: 8192 (order: 4, 65536 bytes)
[    1.620263] TCP bind hash table entries: 8192 (order: 5, 131072 bytes)
[    1.621172] TCP: Hash tables configured (established 8192 bind 8192)
[    1.622071] UDP hash table entries: 512 (order: 2, 16384 bytes)
[    1.622903] UDP-Lite hash table entries: 512 (order: 2, 16384 bytes)
[    1.623780] NET: Registered protocol family 1
[    1.624472] pci 0000:00:00.0: Limiting direct PCI/PCI transfers
[    1.625301] pci 0000:00:01.0: Activating ISA DMA hang workarounds
[    1.626232] Unpacking initramfs...
[   11778811]]FFreeing initrd memory: 14796K
[    2.003025] RAPL PMU detected, API unit is 2^-32 Joules, 4 fixed counters 10737418240 ms ovfl timer
[    2.004349] hw unit of domain pp0-core 2^-0 Joules
[    2.005059] hw unit of domain package 2^-0 Joules
[    2.005776] hw unit of domain dram 2^-0 Joules
[    2.006437] hw unit of domain pp1-gpu 2^-0 Joules
[    2.007181] platform rtc_cmos: registered platform RTC device (no PNP device found)
[    2.008372] Scanning for low memory corruption every 60 seconds
[    2.009715] audit: initializing netlink subsys (disabled)
[    2.010501] audit: type=2000 audit(1540404518.035:1): initialized
[    2.011671] Initialise system trusted keyring
[    2.012580] HugeTLB registered 2 MB page size, pre-allocated 0 pages
[    2.014605] zbud: loaded
[    2.015389] VFS: Disk quotas dquot_6.6.0
[    2.016028] VFS: Dquot-cache hash table entries: 512 (order 0, 4096 bytes)
[    2.017215] squashfs: version 4.0 (2009/01/31) Phillip Lougher
[    2.018290] fuse init (API version 7.23)
[    2.019016] Key type big_key registered
[    2.019640] Allocating IMA MOK and blacklist keyrings.
[    2.021197] Key type asymmetric registered
[    2.021848] Asymmetric key parser 'x509' registered
[    2.022661] Block layer SCSI generic (bsg) driver version 0.4 loaded (major 249)
[    2.023934] io scheduler noop registered
[    2.024565] io scheduler deadline registered (default)
[    2.025354] io scheduler cfq registered
[    2.026049] pci_hotplug: PCI Hot Plug PCI Core version: 0.5
[    2.026858] pciehp: PCI Express Hot Plug Controller Driver version: 0.4
[    2.027873] ACPI: AC Adapter [AC] (on-line)
[    2.028603] input: Power Button as /devices/LNXSYSTM:00/LNXPWRBN:00/input/input0
[    2.029777] ACPI: Power Button [PWRF]
[    2.030427] input: Sleep Button as /devices/LNXSYSTM:00/LNXSLPBN:00/input/input1
[    2.031589] ACPI: Sleep Button [SLPF]
[    2.032378] GHES: HEST is not enabled!
[    2.033075] Serial: 8250/16550 driver, 32 ports, IRQ sharing enabled
[    2.055685] 00:02: ttyS0 at I/O 0x3f8 (irq = 4, base_baud = 115200) is a 16550A
[    2.057750] Linux agpgart interface v0.103
[    2.060015] loop: module loaded
[    2.061130] scsi host0: ata_piix
[    2.061815] scsi host1: ata_piix
[    2.062391] ata1: PATA max UDMA/33 cmd 0x1f0 ctl 0x3f6 bmdma 0xd000 irq 14
[    2.063324] ata2: PATA max UDMA/33 cmd 0x170 ctl 0x376 bmdma 0xd008 irq 15
[    2.064384] libphy: Fixed MDIO Bus: probed
[    2.065037] tun: Universal TUN/TAP device driver, 1.6
[    2.070774] tun: (C) 1999-2004 Max Krasnyansky <maxk@qualcomm.com>
[    2.071672] PPP generic driver version 2.4.2
[    2.072412] ehci_hcd: USB 2.0 'Enhanced' Host Controller (EHCI) Driver
[    2.073314] ehci-pci: EHCI PCI platform driver
[    2.073987] ehci-platform: EHCI generic platform driver
[    2.074755] ohci_hcd: USB 1.1 'Open' Host Controller (OHCI) Driver
[    2.075596] ohci-pci: OHCI PCI platform driver
[    2.076304] ohci-platform: OHCI generic platform driver
[    2.077075] uhci_hcd: USB Universal Host Controller Interface driver
[    2.078002] i8042: PNP: PS/2 Controller [PNP0303:PS2K,PNP0f03:PS2M] at 0x60,0x64 irq 1,12
[    2.079671] serio: i8042 KBD port at 0x60,0x64 irq 1
[    2.080464] serio: i8042 AUX port at 0x60,0x64 irq 12
[    2.081358] mousedev: PS/2 mouse device common for all mice
[    2.082569] rtc_cmos rtc_cmos: rtc core: registered rtc_cmos as rtc0
[    2.083515] rtc_cmos rtc_cmos: alarms up to one day, 114 bytes nvram
[    2.084451] i2c /dev entries driver
[    2.085152] input: AT Translated Set 2 keyboard as /devices/platform/i8042/serio0/input/input2
[    2.086500] device-mapper: uevent: version 1.0.3
[    2.087329] device-mapper: ioctl: 4.34.0-ioctl (2015-10-28) initialised: dm-devel@redhat.com
[    2.088628] ledtrig-cpu: registered to indicate activity on CPUs
[    2.090417] NET: Registered protocol family 10
[    2.091624] NET: Registered protocol family 17
[    2.092730] Key type dns_resolver registered
[    2.094005] registered taskstats version 1
[    2.094965] Loading compiled-in X.509 certificates
[    2.096369] Loaded X.509 cert 'Build time autogenerated kernel key: 20acc96b50ca7641011eace69d32209215a9b56f'
[    2.097797] zswap: loaded using pool lzo/zbud
[    2.100008] Key type trusted registered
[    2.103922] Key type encrypted registered
[    2.104622] AppArmor: AppArmor sha1 policy hashing enabled
[    2.105543] ima: No TPM chip found, activating TPM-bypass!
[    2.107242] ima: Allocated hash algorithm: sha1
[    2.108760] evm: HMAC attrs: 0x1
[    2.109758]   Magic number: 6:802:140
[    2.110444] rtc_cmos rtc_cmos: setting system clock to 2018-10-24 18:08:34 UTC (1540404514)
[    2.111809] BIOS EDD facility v0.16 2004-Jun-25, 0 devices found
[    2.112714] EDD information not available.
[    2.234706] Freeing unused kernel memory: 1528K
[    2.263075] Write protecting the kernel read-only data: 14336k
[    2.264252] Freeing unused kernel memory: 1672K
[    2.265091] Freeing unused kernel memory: 92K
Loading, please wait...
starting version 229
[    2.279065] random: systemd-udevd: uninitialized urandom read (16 bytes read, 2 bits of entropy available)
[    2.279606] random: udevadm: uninitialized urandom read (16 bytes read, 2 bits of entropy available)
[    2.279623] random: udevadm: uninitialized urandom read (16 bytes read, 2 bits of entropy available)
[    2.283369] random: systemd-udevd: uninitialized urandom read (16 bytes read, 2 bits of entropy available)
[    2.284814] random: systemd-udevd: uninitialized urandom read (16 bytes read, 2 bits of entropy available)
[    2.286085] random: udevadm: uninitialized urandom read (16 bytes read, 2 bits of entropy available)
[    2.286119] random: udevadm: uninitialized urandom read (16 bytes read, 2 bits of entropy available)
[    2.286226] random: udevadm: uninitialized urandom read (16 bytes read, 2 bits of entropy available)
[    2.286265] random: udevadm: uninitialized urandom read (16 bytes read, 2 bits of entropy available)
[    2.286304] random: udevadm: uninitialized urandom read (16 bytes read, 2 bits of entropy available)
[    2.323678] Fusion MPT base driver 3.04.20
[    2.582802] Copyright (c) 1999-2008 LSI Corporation
[    2.583679] e1000: Intel(R) PRO/1000 Network Driver - version 7.3.21-k8-NAPI
[    2.584682] e1000: Copyright (c) 1999-2006 Intel Corporation.
[    2.595318] Fusion MPT SPI Host driver 3.04.20
[    2.605239] AVX2 version of gcm_enc/dec engaged.
[    2.605947] AES CTR mode by8 optimization enabled
[    2.816927] input: ImExPS/2 Generic Explorer Mouse as /devices/platform/i8042/serio1/input/input4
[    2.927772] e1000 0000:00:03.0 eth0: (PCI:33MHz:32-bit) 02:20:67:8c:d5:af
[    2.927776] e1000 0000:00:03.0 eth0: Intel(R) PRO/1000 Network Connection
[    3.004942] tsc: Refined TSC clocksource calibration: 2493.222 MHz
[    3.005983] clocksource: tsc: mask: 0xffffffffffffffff max_cycles: 0x23f036f8f2b, max_idle_ns: 440795241911 ns
[    3.269818] e1000 0000:00:08.0 eth1: (PCI:33MHz:32-bit) 08:00:27:fb:d9:38
[    3.271031] e1000 0000:00:08.0 eth1: Intel(R) PRO/1000 Network Connection
[    3.272833] e1000 0000:00:08.0 enp0s8: renamed from eth1
[    3.295706] mptbase: ioc0: Initiating bringup
[    3.312947] e1000 0000:00:03.0 enp0s3: renamed from eth0
[    3.808234] ioc0: LSI53C1030 A0: Capabilities={Initiator}
[    4.262062] scsi host2: ioc0: LSI53C1030 A0, FwRev=00000000h, Ports=1, MaxQ=256, IRQ=20
[    4.381787] scsi 2:0:0:0: Direct-Access     VBOX     HARDDISK         1.0  PQ: 0 ANSI: 5
[    4.563050] scsi target2:0:0: Beginning Domain Validation
[    4.581474] scsi target2:0:0: Domain Validation skipping write tests
[    4.582360] scsi target2:0:0: Ending Domain Validation
[    4.583138] scsi target2:0:0: asynchronous
[    4.584066] scsi 2:0:1:0: Direct-Access     VBOX     HARDDISK         1.0  PQ: 0 ANSI: 5
[    4.585266] scsi target2:0:1: Beginning Domain Validation
[    4.586678] scsi target2:0:1: Domain Validation skipping write tests
[    4.587555] scsi target2:0:1: Ending Domain Validation
[    4.588388] scsi target2:0:1: asynchronous
[    4.592943] sd 2:0:0:0: [sda] 20971520 512-byte logical blocks: (10.7 GB/10.0 GiB)
[    4.594309] sd 2:0:0:0: [sda] Write Protect is off
[    4.595160] sd 2:0:0:0: [sda] Incomplete mode parameter data
[    4.595957] sd 2:0:0:0: [sda] Assuming drive cache: write through
[    4.596807] sd 2:0:0:0: Attached scsi generic sg0 type 0
[    4.598550] sd 2:0:1:0: [sdb] 20480 512-byte logical blocks: (10.5 MB/10.0 MiB)
[    4.599752]  sda: sda1
[    4.600499] sd 2:0:1:0: [sdb] Write Protect is off
[    4.601426] sd 2:0:1:0: [sdb] Incomplete mode parameter data
[    4.602247] sd 2:0:1:0: [sdb] Assuming drive cache: write through
[    4.603656] sd 2:0:0:0: [sda] Attached SCSI disk
[    4.604569] sd 2:0:1:0: Attached scsi generic sg1 type 0
[    4.606252] sd 2:0:1:0: [sdb] Attached SCSI disk
Begin: Loading essential drivers ... [    5.882239] md: linear personality registered for level -1
[    5.884790] md: multipath personality registered for level -4
[    5.887284] md: raid0 personality registered for level 0
[    5.890166] md: raid1 personality registered for level 1
[    5.962428] raid6: sse2x1   gen() 10459 MB/s
[    6.120513] raid6: sse2x1   xor()  8312 MB/s
[    6.382428] raid6: sse2x2   gen() 13710 MB/s
[    6.452409] raid6: sse2x2   xor()  8267 MB/s
[    6.522434] raid6: sse2x4   gen() 15295 MB/s
[    7.012417] raid6: sse2x4   xor() 11607 MB/s
[    7.445137] raid6: avx2x1   gen() 19043 MB/s
[    7.582382] raid6: avx2x2   gen() 23617 MB/s
[    8.044276] raid6: avx2x4   gen() 25382 MB/s
[    8.142698] raid6: using algorithm avx2x4 gen() 25382 MB/s
[    8.252709] raid6: using avx2x2 recovery algorithm
[    8.304244] xor: automatically using best checksumming function:
[    8.343942]    avx       : 28036.000 MB/sec
[    8.351262] async_tx: api initialized (async)
[    8.357510] md: raid6 personality registered for level 6
[    8.358303] md: raid5 personality registered for level 5
[    8.359076] md: raid4 personality registered for level 4
[    8.364471] md: raid10 personality registered for level 10
done.
Begin: Running /scripts/init-premount ... done.
Begin: Mounting root file system ... Begin: Running /scripts/local-top ... done.
Begin: Running /scripts/local-premount ... [    8.396144] Btrfs loaded
Scanning for Btrfs filesystems
done.
Warning: fsck no[    8.580453] EXT4-fs (sda1): mounted filesystem with ordered data mode. Opts: (null)
t present, so skipping root file system
done.
Begin: Running /scripts/local-bottom ... done.
Begin: Running /scripts/init-bottom ... done.
[    8.714858] systemd[1]: systemd 229 running in system mode. (+PAM +AUDIT +SELINUX +IMA +APPARMOR +SMACK +SYSVINIT +UTMP +LIBCRYPTSETUP +GCRYPT +GNUTLS +ACL +XZ -LZ4 +SECCOMP +BLKID +ELFUTILS +KMOD -IDN)
[    8.718866] systemd[1]: Detected virtualization oracle.
[    8.720081] systemd[1]: Detected architecture x86-64.

Welcome to [1mUbuntu 16.04.5 LTS[0m!

[    8.724023] systemd[1]: Set hostname to <ubuntu-xenial>.
[    8.867318] systemd[1]: Listening on LVM2 poll daemon socket.
[[0;32m  OK  [0m] Listening on LVM2 poll daemon socket.
[    8.953933] systemd[1]: Listening on Journal Audit Socket.
[[0;32m  OK  [0m] Listening on Journal Audit Socket.
[    8.955619] systemd[1]: Reached target User and Group Name Lookups.
[[0;32m  OK  [0m] Reached target User and Group Name Lookups.
[    8.957516] systemd[1]: Reached target Encrypted Volumes.
[[0;32m  OK  [0m] Reached target Encrypted Volumes.
[    8.959188] systemd[1]: Listening on udev Kernel Socket.
[[0;32m  OK  [0m] Listening on udev Kernel Socket.
[    8.960875] systemd[1]: Set up automount Arbitrary Executable File Formats File System Automount Point.
[[0;32m  OK  [0m] Set up automount Arbitrary Executab...ats File System Automount Point.
[    8.963392] systemd[1]: Listening on Journal Socket.
[[0;32m  OK  [0m] Listening on Journal Socket.
[    8.964895] systemd[1]: Listening on Journal Socket (/dev/log).
[[0;32m  OK  [0m] Listening on Journal Socket (/dev/log).
[    8.966683] systemd[1]: Started Trigger resolvconf update for networkd DNS.
[[0;32m  OK  [0m] Started Trigger resolvconf update for networkd DNS.
[    8.968562] systemd[1]: Reached target Swap.
[[0;32m  OK  [0m] Reached target Swap.
[    8.970254] systemd[1]: Created slice User and Session Slice.
[[0;32m  OK  [0m] Created slice User and Session Slice.
[    9.012219] systemd[1]: Listening on /dev/initctl Compatibility Named Pipe.
[[0;32m  OK  [0m] Listening on /dev/initctl Compatibility Named Pipe.
[    9.353785] systemd[1]: Started Forward Password Requests to Wall Directory Watch.
[[0;32m  OK  [0m] Started Forward Password Requests to Wall Directory Watch.
[    9.364436] systemd[1]: Created slice System Slice.
[[0;32m  OK  [0m] Created slice System Slice.
[    9.392127] systemd[1]: Starting Remount Root and Kernel File Systems...
[    9.403574] EXT4-fs (sda1): re-mounted. Opts: (null)
         Starting Remount Root and Kernel File Systems...
[    9.418185] systemd[1]: Starting Set console keymap...
         Starting Set console keymap...
[    9.480217] systemd[1]: Starting Load Kernel Modules...
         Starting Load Kernel Modules...
[    9.482876] systemd[1]: Starting Nameserver information manager...
         Starting Nameserver information manager...
[    9.486440] systemd[1]: Mounting Huge Pages File System...
         Mounting Huge Pages File System...
[    9.488605] systemd[1]: Reached target Slices.
[[0;32m  OK  [0m] Reached target S[    9.490080] Loading iSCSI transport class v2.0-870.
lices.
[    9.491524] systemd[1]: Starting Uncomplicated firewall...
         Starting Uncomplicated firewall...
[    9.494118] systemd[1]: Mounting Debug File System...
         Mounting Debug File System...
[    9.496482] systemd[1]: Starting Create list of required static device nodes for the current kernel...
         Starting Create list of required st... nodes for the current kernel...
[    9.500064] systemd[1]: Mounting POSIX Message Queue File System...
         [    9.501484] iscsi: registered transport (tcp)
Mounting POSIX Message Queue File System...
[    9.503481] systemd[1]: Created slice system-serial\x2dgetty.slice.
[[0;32m  OK  [0m] Created slice system-serial\x2dgetty.slice.
[    9.505902] systemd[1]: Listening on Device-mapper event daemon FIFOs.
[[0;32m  OK  [0m] Listening on Device-mapper event daemon FIFOs.
[    9.508344] systemd[1]: Reached target System Time Synchronized.
[[0;32m  OK  [0m] Reached target System Time Synchronized.
[    9.510849] systemd[1]: Listening on LVM2 metadata daemon socket.
[[0;32m  OK  [0m] Listening on LVM2 metadata daemon socket.
[    9.514154] systemd[1]: Starting Monitoring of LVM2 mirrors, snapshots etc. using dmeventd or progress polling...
         Starting Monitoring of LVM2 mirrors... dmeventd or progress polling...
[    9.517359] systemd[1]: Listening on Syslog Socket.
[[0;32m  OK  [0m] Listening on Syslog Socket.
[    9.520031] systemd[1]: Starting Journal Service...
         Starting Journal Service...
[    9.521946] systemd[1]: Listening on udev Control Socket.
[[0;32m  OK  [0m] Listening on udev Control Socket.
[    9.525395] systemd[1]: Mounted Huge Pages File System.
[[0;32m  OK  [0m] Mounted Huge Pages File System.
[    9.528037] systemd[1]: Mounted POSIX Message Queue File System.
[[0;32m  OK  [0m] Mounted POSIX Message Queue File System.
[    9.530338] systemd[1]: Mounted Debug File System.
[[0;32m  OK  [0m] Mounted Debug File System.
[    9.532839] systemd[1]: Started Remount Root and Kernel File Systems.
[[0;32m  OK  [0m] Started Remount Root and Kernel File Systems.
[    9.535843] systemd[1]: Started Set console keymap.
[[0;32m  OK  [0m] Started Set console keymap.
[    9.538787] systemd[1]: Started Uncomplicated firewall.
[[0;32m  OK  [0m] Started Uncomplicated firewall.[    9.540674] iscsi: registered transport (iser)

[    9.541804] systemd[1]: Started Create list of required static device nodes for the current kernel.
[[0;32m  OK  [0m] Started Create list of required sta...ce nodes for the current kernel.
[    9.546359] systemd[1]: Started Nameserver information manager.
[[0;32m  OK  [0m] Started Nameserver information manager.
[    9.552441] systemd[1]: Started Load Kernel Modules.
[[0;32m  OK  [0m] Started Load Kernel Modules.
[    9.554660] systemd[1]: Started Journal Service.
[[0;32m  OK  [0m] Started Journal Service.
         Starting Apply Kernel Variables...
         Mounting FUSE Control File System...
[[0;32m  OK  [0m] Started LVM2 metadata daemon.
         Starting Create Static Device Nodes in /dev...
         Starting udev Coldplug all Devices...
         Starting Flush Journal to Persistent Storage...
         Starting Load/Save Random Seed...
[[0;32m  OK  [0m] Mounted FUSE Control File System.
[[0;32m  OK  [0m] Started Apply Kernel Variables.
[[0;32m  OK  [0m] Started Load/Save Random Seed.
[[0;32m  OK  [0m] Started Create Static Device Nodes in /dev.
[[0;32m  OK  [0m] Started udev Coldplug all Devices.
[[0;32m  OK  [0m] Started Flush Journal to Persistent Storage.
         Starting udev Kernel Device Manager...
[[0;32m  OK  [0m] Started udev Kernel Device Manager.
[[0;32m  OK  [0m] Started Dispatch Password Requests to Console Directory Watch.
[[0;32m  OK  [0m] Found device /dev/ttyS0.
[[0;32m  OK  [0m] Started Monitoring of LVM2 mirrors,...ng dmeventd or progress polling.
[[0;32m  OK  [0m] Reached target Local File Systems (Pre).
[[0;32m  OK  [0m] Reached target Local File Systems.
         Starting Create Volatile Files and Directories...
         Starting LSB: AppArmor initialization...
         Starting Set console font and keymap...
         Starting Initial cloud-init job (pre-networking)...
         Starting Tell Plymouth To Write Out Runtime Data...
[[0;32m  OK  [0m] Started Create Volatile Files and Directories.
[[0;32m  OK  [0m] Started Tell Plymouth To Write Out Runtime Data.
         Starting Update UTMP about System Boot/Shutdown...
[[0;32m  OK  [0m] Listening on Load/Save RF Kill Switch Status /dev/rfkill Watch.
[[0;32m  OK  [0m] Started LSB: AppArmor initialization.
[[0;32m  OK  [0m] Started Update UTMP about System Boot/Shutdown.
[[0;32m  OK  [0m] Found device 82540EM Gigabit Ethern...r (PRO/1000 MT Desktop Adapter).
[[0;32m  OK  [0m] Found device 82540EM Gigabit Ethern...r (PRO/1000 MT Desktop Adapter).
[    9.277476] cloud-init[539]: Cloud-init v. 18.3-9-g2e62cb8a-0ubuntu1~16.04.2 running 'init-local' at Wed, 24 Oct 2018 18:08:42 +0000. Up 9.02 seconds.
[[0;32m  OK  [0m] Started Initial cloud-init job (pre-networking).
[[0;32m  OK  [0m] Reached target Network (Pre).
[[0;32m  OK  [0m] Started ifup for enp0s8.
[[0;32m  OK  [0m] Started ifup for enp0s3.
         Starting Raise network interfaces...
[[0;32m  OK  [0m] Started Set console font and keymap.
[[0;32m  OK  [0m] Created slice system-getty.slice.
[[0;32m  OK  [0m] Started Raise network interfaces.
[[0;32m  OK  [0m] Reached target Network.
         Starting Initial cloud-init job (metadata service crawler)...
[   10.015841] cloud-init[1058]: Cloud-init v. 18.3-9-g2e62cb8a-0ubuntu1~16.04.2 running 'init' at Wed, 24 Oct 2018 18:08:43 +0000. Up 9.74 seconds.
[   10.141074] [cloud-init[0;32m  OK  [0m[1058]: ] ci-info: ++++++++++++++++++++++++++++++++++++++Net device info+++++++++++++++++++++++++++++++++++++++Started Initial cloud-init job (metadata service crawler).

[   10.142433] cloud-init[1058]: ci-info: +--------+------+-----------------------------+---------------+--------+-------------------+[[0;32m  OK  [0m] Reached target Network is Online.

[   10.170284] cloud-init[1058]: ci-info: | Device |  Up  |           Address           |      Mask     | Scope  |     Hw-Address    |
[   10.173064] cloud-init[1058]: ci-info: +--------+------+-----------------------------+---------------+--------+-------------------+
[   10.175031] cloud-init[1058]: ci-info: | enp0s3 | True |          10.0.2.15          | 255.255.255.0 | global | 02:20:67:8c:d5:af |
[   10.176964] cloud-init[1058]: ci-info: | enp0s3 | True |  fe80::20:67ff:fe8c:d5af/64 |       .       |  link  | 02:20:67:8c:d5:af |
[   10.178561] cloud-init[1058]: ci-info: | enp0s8 | True |        192.168.33.10        | 255.255.255.0 | global | 08:00:27:fb:d9:38 |
[   10.180027] cloud-init         Starting iSCSI initiator daemon (iscsid)...
[[0;32m  OK  [0m] Reached target System Initialization.
[[0;32m  OK  [0m] Listening on ACPID Listen Socket.
[1058]: ci-info: | enp0s8 | True | fe80::a00:27ff:fefb:d938/64 |       .       |  link  | 08:00:27:fb:d9:38 |
[   10.184166] cloud-init[1058]: ci-info: |   lo   | True |          127.0.0.1          |   255.0.0.0   |  host  |         .         |
[   10.184375] cloud-init[1058]: ci-info: |   lo   | True |           ::1/128           |       .       |  host  |         .         |
[   10.184476] cloud-init[1058]: ci-info: +--------+------+-----------------------------+---------------+--------+-------------------+
[   10.184585] cloud-init[1058]: ci-info: ++++++++++++++++++++++++++++Route IPv4 info++++++++++++++++++++++++++++
[   10.184687] cloud-init[1058]: ci-info: +-------+--------------+----------+---------------+-----------+-------+
[   10.184792] cloud-init[1058]: ci-info: | Route | Destination  | Gateway  |    Genmask    | Interface | Flags |
[   10.184908] cloud-init[1058]: ci-info: +-------+--------------+----------+---------------+-----------+-------+
[   10.185021] cloud-init[1058]: ci-info: |   0   |   0.0.0.0    | 10.0.2.2 |    0.0.0.0    |   enp0s3  |   UG  |
[   10.185146] cloud-init[1058]: ci-info: |   1   |   10.0.2.0   | 0.0.0.0  | 255.255.255.0 |   enp0s3  |   U   |
[   10.185252] cloud-init[1058]: ci-info: |   2   | 192.168.33.0 | 0.0.0.0  | 255.255.255.0 |   enp0s8  |   U   |
[   10.185365] cloud-init[1058]: ci-info: +-------+--------------+----------+---------------+-----------+-------+
[   10.185475] cloud-init[1058]: ci-info: +++++++++++++++++++Route IPv6 info+++++++++++++++++++
[   10.185591] cloud-init[1058]: ci-info: +-------+-------------+---------+-----------+-------+
[   10.185717] cloud-init[1058]: ci-info: | Route | Destination | Gateway | Interface | Flags |
[   10.185815] cloud-init[1058]: ci-info: +-------+-------------+---------+-----------+-------+
[   10.185934] cloud-init[1058]: ci-info: |   0   |  fe80::/64  |    ::   |   enp0s8  |   U   |
[   10.186040] cloud-init[1058]: ci-info: |   1   |  fe80::/64  |    ::   |   enp0s3  |   U   |
[   10.186254] cloud-init[1058]: ci-info: |   4   |   ff00::/8  |    ::   |   enp0s8  |   U   |
[   10.186358] cloud-init[1058]: ci-info: |   5   |   ff00::/8  |    ::   |   enp0s3  |   U   |
[   10.186462] cloud-init[1058]: ci-info: +-------+-------------+---------+-----------+-------+
[[0;32m  OK  [0m] Started Daily apt download activities.
[[0;32m  OK  [0m] Started Daily apt upgrade and clean activities.
         Starting LXD - unix socket.
         Starting Socket activation for snappy daemon.
[[0;32m  OK  [0m] Started Daily Cleanup of Temporary Directories.
[[0;32m  OK  [0m] Reached target Timers.
[[0;32m  OK  [0m] Listening on D-Bus System Message Bus Socket.
[[0;32m  OK  [0m] Started ACPI Events Check.
[[0;32m  OK  [0m] Reached target Paths.
[[0;32m  OK  [0m] Listening on UUID daemon activation socket.
[[0;32m  OK  [0m] Reached target Cloud-config availability.
[[0;32m  OK  [0m] Listening on LXD - unix socket.
[[0;32m  OK  [0m] Listening on Socket activation for snappy daemon.
[[0;32m  OK  [0m] Reached target Sockets.
[[0;32m  OK  [0m] Reached target Basic System.
         Starting OpenBSD Secure Shell server...
[[0;32m  OK  [0m] Started Deferred execution scheduler.
[[0;32m  OK  [0m] Started Unattended Upgrades Shutdown.
         Starting Virtualbox guest utils...
         Starting Accounts Service...
         Starting Snappy daemon...
[[0;32m  OK  [0m] Started ACPI event daemon.
[[0;32m  OK  [0m] Started Regular background program processing daemon.
[[0;32m  OK  [0m] Started FUSE filesystem for LXC.
         Starting System Logging Service...
         Starting Login Service...
         Starting LSB: Record successful boot for GRUB...
         Starting /etc/rc.local Compatibility...
         Starting LSB: MD monitoring daemon...
[[0;32m  OK  [0m] Started D-Bus System Message Bus.
         Starting MySQL Community Server...
         Starting LXD - container startup/shutdown...
[[0;32m  OK  [0m] Started System Logging Service.
[[0;32m  OK  [0m] Started iSCSI initiator daemon (iscsid).
[[0;32m  OK  [0m] Started /etc/rc.local Compatibility.
[[0;32m  OK  [0m] Started OpenBSD Secure Shell server.
[[0;32m  OK  [0m] Started Login Service.
[[0;32m  OK  [0m] Started Snappy daemon.
         Starting Wait until snapd is fully seeded...
         Starting Authenticate and Authorize Users to Run Privileged Tasks...
         Starting Login to default iSCSI targets...
[[0;32m  OK  [0m] Started LSB: Record successful boot for GRUB.
[[0;32m  OK  [0m] Started LSB: MD monitoring daemon.
[[0;32m  OK  [0m] Started LXD - container startup/shutdown.
[[0;32m  OK  [0m] Started Virtualbox guest utils.
[[0;32m  OK  [0m] Started Wait until snapd is fully seeded.
[[0;32m  OK  [0m] Started Authenticate and Authorize Users to Run Privileged Tasks.
[[0;32m  OK  [0m] Started Accounts Service.
[[0;32m  OK  [0m] Started Login to default iSCSI targets.
[[0;32m  OK  [0m] Reached target Remote File Systems (Pre).
[[0;32m  OK  [0m] Reached target Remote File Systems.
         Starting LSB: Apache2 web server...
         Starting Permit User Sessions...
         Starting LSB: automatic crash report generation...
         Starting LSB: daemon to balance interrupts for SMP systems...
         Starting LSB: Set the CPU Frequency Scaling governor to "ondemand"...
         Starting Apply the settings specified in cloud-config...
[[0;32m  OK  [0m] Started Permit User Sessions.
         Starting Hold until boot process finishes up...
         Starting Terminate Plymouth Boot Screen...
[[0;32m  OK  [0m] Started Hold until boot process finishes up.
[[0;32m  OK  [0m] Started LSB: daemon to balance interrupts for SMP systems.
[[0;32m  OK  [0m] Started Terminate Plymouth Boot Screen.
         Starting Set console scheme...
[[0;32m  OK  [0m] Started Serial Getty on ttyS0.
[[0;32m  OK  [0m] Started Getty on tty1.
[[0;32m  OK  [0m] Reached target Login Prompts.
[[0;32m  OK  [0m] Started LSB: automatic crash report generation.
[[0;32m  OK  [0m] Started LSB: Set the CPU Frequency Scaling governor to "ondemand".
[[0;32m  OK  [0m] Started Set console scheme.
[[0;32m  OK  [0m] Created slice User Slice of vagrant.
[[0;32m  OK  [0m] Started Session 1 of user vagrant.
         Starting User Manager for UID 1000...
[[0;32m  OK  [0m] Started User Manager for UID 1000.
[   11.385307] cloud-init[1266]: Cloud-init v. 18.3-9-g2e62cb8a-0ubuntu1~16.04.2 running 'modules:config' at Wed, 24 Oct 2018 18:08:45 +0000. Up 11.23 seconds.
[[0;32m  OK  [0m] Started Apply the settings specified in cloud-config.
[[0;32m  OK  [0m] Started MySQL Community Server.
[[0;32m  OK  [0m] Started LSB: Apache2 web server.
[[0;32m  OK  [0m] Reached target Multi-User System.
         Starting Execute cloud user/final scripts...
[[0;32m  OK  [0m] Reached target Graphical Interface.
         Starting Update UTMP about System Runlevel Changes...
[[0;32m  OK  [0m] Started Update UTMP about System Runlevel Changes.
[   12.489233] cloud-init[1447]: Cloud-init v. 18.3-9-g2e62cb8a-0ubuntu1~16.04.2 running 'modules:final' at Wed, 24 Oct 2018 18:08:46 +0000. Up 12.38 seconds.
[   12.491233] cloud-init[1447]: Cloud-init v. 18.3-9-g2e62cb8a-0ubuntu1~16.04.2 finished at Wed, 24 Oct 2018 18:08:46 +0000. Datasource DataSourceNoCloud [seed=/dev/sdb][dsmode=net].  Up 12.48 seconds
[[0;32m  OK  [0m] Started Execute cloud user/final scripts.
[[0;32m  OK  [0m] Reached target Cloud-init target.
         Starting Daily apt download activities...
         Stopping User Manager for UID 1000...
[[0;32m  OK  [0m] Stopped User Manager for UID 1000.

Ubuntu 16.04.5 LTS ubuntu-xenial ttyS0

ubuntu-xenial login: 